+ Rscript scripts/geography_join.R
── Attaching core tidyverse packages ──────────────────────── tidyverse 2.0.0 ──
✔ dplyr     1.2.1     ✔ readr     2.2.0
✔ forcats   1.0.1     ✔ stringr   1.6.0
✔ ggplot2   4.0.3     ✔ tibble    3.3.1
✔ lubridate 1.9.5     ✔ tidyr     1.3.2
✔ purrr     1.2.2     
── Conflicts ────────────────────────────────────────── tidyverse_conflicts() ──
✖ dplyr::filter() masks stats::filter()
✖ dplyr::lag()    masks stats::lag()
ℹ Use the conflicted package (<http://conflicted.r-lib.org/>) to force all conflicts to become errors

Attaching package: ‘tidylog’

The following objects are masked from ‘package:dplyr’:

    add_count, add_tally, anti_join, count, distinct, distinct_all,
    distinct_at, distinct_if, filter, filter_all, filter_at, filter_if,
    full_join, group_by, group_by_all, group_by_at, group_by_if,
    inner_join, left_join, mutate, mutate_all, mutate_at, mutate_if,
    relocate, rename, rename_all, rename_at, rename_if, rename_with,
    right_join, sample_frac, sample_n, select, select_all, select_at,
    select_if, semi_join, slice, slice_head, slice_max, slice_min,
    slice_sample, slice_tail, summarise, summarise_all, summarise_at,
    summarise_if, summarize, summarize_all, summarize_at, summarize_if,
    tally, top_frac, top_n, transmute, transmute_all, transmute_at,
    transmute_if, ungroup

The following objects are masked from ‘package:tidyr’:

    drop_na, fill, gather, pivot_longer, pivot_wider, replace_na,
    separate_wider_delim, separate_wider_position,
    separate_wider_regex, spread, uncount

The following object is masked from ‘package:stats’:

    filter

Rows: 33803 Columns: 7
── Column specification ────────────────────────────────────────────────────────
Delimiter: ","
chr (7): zcta, state, stab, ZIPName, pop20, afact2, afact

ℹ Use `spec()` to retrieve the full column specification for this data.
ℹ Specify the column types or set `show_col_types = FALSE` to quiet this message.
slice: removed one row (<1%), 33,802 rows remaining

── Column specification ────────────────────────────────────────────────────────
cols(
  zcta = col_character(),
  state = col_character(),
  stab = col_character(),
  ZIPName = col_character(),
  pop20 = col_double(),
  afact2 = col_double(),
  afact = col_double()
)

distinct: removed 33,750 rows (>99%), 52 rows remaining
transmute: dropped one variable (stab)
transmute: dropped one variable (stab)
           new variable 'state_fips_code' (character) with 52 unique values and 0% NA
           changed 52 values (100%) of 'state' (0 new NAs)
Rows: 46964 Columns: 7
── Column specification ────────────────────────────────────────────────────────
Delimiter: ","
chr (7): zcta, county, CountyName, ZIPName, pop20, afact2, afact

ℹ Use `spec()` to retrieve the full column specification for this data.
ℹ Specify the column types or set `show_col_types = FALSE` to quiet this message.
slice: removed one row (<1%), 46,963 rows remaining

── Column specification ────────────────────────────────────────────────────────
cols(
  zcta = col_character(),
  county = col_character(),
  CountyName = col_character(),
  ZIPName = col_character(),
  pop20 = col_double(),
  afact2 = col_double(),
  afact = col_double()
)

filter: removed 334 rows (1%), 46,629 rows remaining
group_by: one grouping variable (zcta)
slice_max (grouped): removed 12,998 rows (28%), 33,631 rows remaining (removed 0 groups, 33,631 groups remaining)
ungroup: no grouping variables remain
mutate: new variable 'county_fips_code' (character) with 3,215 unique values and 0% NA
        new variable 'state_fips_code' (character) with 52 unique values and 0% NA
left_join: added one column (state)
           > rows only in mutate(ungroup(slice_ma..       0
           > rows only in state_lookup              (     0)
           > matched rows                            33,631
           >                                        ========
           > rows total                              33,631
transmute: dropped 5 variables (CountyName, ZIPName, pop20, afact2, afact)
transmute: dropped 5 variables (CountyName, ZIPName, pop20, afact2, afact)
           changed 33,631 values (100%) of 'county' (0 new NAs)
Rows: 76486 Columns: 9
── Column specification ────────────────────────────────────────────────────────
Delimiter: ","
chr (9): zcta, state, place, stab, PlaceName, ZIPName, pop20, afact2, afact

ℹ Use `spec()` to retrieve the full column specification for this data.
ℹ Specify the column types or set `show_col_types = FALSE` to quiet this message.
slice: removed one row (<1%), 76,485 rows remaining

── Column specification ────────────────────────────────────────────────────────
cols(
  zcta = col_character(),
  state = col_character(),
  place = col_character(),
  stab = col_character(),
  PlaceName = col_character(),
  ZIPName = col_character(),
  pop20 = col_double(),
  afact2 = col_double(),
  afact = col_double()
)

filter: removed 75 rows (<1%), 76,410 rows remaining
group_by: one grouping variable (zcta)
slice_max (grouped): removed 42,779 rows (56%), 33,631 rows remaining (removed 0 groups, 33,631 groups remaining)
ungroup: no grouping variables remain
rename: renamed one variable (place_fips_code)
transmute: dropped 7 variables (state, stab, PlaceName, ZIPName, pop20, …)
transmute: dropped 7 variables (state, stab, PlaceName, ZIPName, pop20, …)
           new variable 'place' (character) with 11,165 unique values and 48% NA
           changed 16,267 values (48%) of 'place_fips_code' (16,267 new NAs)
Rows: 47863 Columns: 18
── Column specification ────────────────────────────────────────────────────────
Delimiter: "|"
chr (10): GEOID_ZCTA5_20, NAMELSAD_ZCTA5_20, MTFCC_ZCTA5_20, CLASSFP_ZCTA5_2...
dbl  (8): OID_ZCTA5_20, AREALAND_ZCTA5_20, AREAWATER_ZCTA5_20, OID_COUNTY_20...

ℹ Use `spec()` to retrieve the full column specification for this data.
ℹ Specify the column types or set `show_col_types = FALSE` to quiet this message.
filter: removed 47,843 rows (>99%), 20 rows remaining
group_by: one grouping variable (GEOID_ZCTA5_20)
slice_max (grouped): removed 3 rows (15%), 17 rows remaining (removed 0 groups, 17 groups remaining)
ungroup: no grouping variables remain
transmute: dropped 18 variables (OID_ZCTA5_20, GEOID_ZCTA5_20, NAMELSAD_ZCTA5_20, AREALAND_ZCTA5_20, AREAWATER_ZCTA5_20, …)
transmute: dropped 18 variables (OID_ZCTA5_20, GEOID_ZCTA5_20, NAMELSAD_ZCTA5_20, AREALAND_ZCTA5_20, AREAWATER_ZCTA5_20, …)
           new variable 'zcta' (character) with 17 unique values and 0% NA
           new variable 'state_fips_code' (character) with 4 unique values and 0% NA
           new variable 'county' (character) with 8 unique values and 0% NA
           new variable 'county_fips_code' (character) with 8 unique values and 0% NA
left_join: added one column (state)
           > rows only in transmute(ungroup(slice..   0
           > rows only in territory_state_lookup    ( 0)
           > matched rows                            17
           >                                        ====
           > rows total                              17
Rows: 82880 Columns: 18
── Column specification ────────────────────────────────────────────────────────
Delimiter: "|"
chr (10): GEOID_ZCTA5_20, NAMELSAD_ZCTA5_20, MTFCC_ZCTA5_20, CLASSFP_ZCTA5_2...
dbl  (8): OID_ZCTA5_20, AREALAND_ZCTA5_20, AREAWATER_ZCTA5_20, OID_PLACE_20,...

ℹ Use `spec()` to retrieve the full column specification for this data.
ℹ Specify the column types or set `show_col_types = FALSE` to quiet this message.
filter: removed 82,610 rows (>99%), 270 rows remaining
group_by: one grouping variable (GEOID_ZCTA5_20)
slice_max (grouped): removed 255 rows (94%), 15 rows remaining (removed 0 groups, 15 groups remaining)
ungroup: no grouping variables remain
transmute: dropped 18 variables (OID_ZCTA5_20, GEOID_ZCTA5_20, NAMELSAD_ZCTA5_20, AREALAND_ZCTA5_20, AREAWATER_ZCTA5_20, …)
transmute: dropped 18 variables (OID_ZCTA5_20, GEOID_ZCTA5_20, NAMELSAD_ZCTA5_20, AREALAND_ZCTA5_20, AREAWATER_ZCTA5_20, …)
           new variable 'zcta' (character) with 15 unique values and 0% NA
           new variable 'place' (character) with 15 unique values and 0% NA
           new variable 'place_fips_code' (character) with 15 unique values and 0% NA
left_join: added 2 columns (place, place_fips_code)
           > rows only in territory_county   2
           > rows only in territory_place  ( 0)
           > matched rows                   15
           >                               ====
           > rows total                     17
select: columns reordered (zcta, state, state_fips_code, county, county_fips_code, …)
left_join: added 2 columns (place, place_fips_code)
           > rows only in zcta_county       0
           > rows only in zcta_place  (     0)
           > matched rows              33,631
           >                          ========
           > rows total                33,631
+ Rscript scripts/eoir_appeals.R
── Attaching core tidyverse packages ──────────────────────── tidyverse 2.0.0 ──
✔ dplyr     1.2.1     ✔ readr     2.2.0
✔ forcats   1.0.1     ✔ stringr   1.6.0
✔ ggplot2   4.0.3     ✔ tibble    3.3.1
✔ lubridate 1.9.5     ✔ tidyr     1.3.2
✔ purrr     1.2.2     
── Conflicts ────────────────────────────────────────── tidyverse_conflicts() ──
✖ dplyr::filter() masks stats::filter()
✖ dplyr::lag()    masks stats::lag()
ℹ Use the conflicted package (<http://conflicted.r-lib.org/>) to force all conflicts to become errors

Attaching package: ‘tidylog’

The following objects are masked from ‘package:dplyr’:

    add_count, add_tally, anti_join, count, distinct, distinct_all,
    distinct_at, distinct_if, filter, filter_all, filter_at, filter_if,
    full_join, group_by, group_by_all, group_by_at, group_by_if,
    inner_join, left_join, mutate, mutate_all, mutate_at, mutate_if,
    relocate, rename, rename_all, rename_at, rename_if, rename_with,
    right_join, sample_frac, sample_n, select, select_all, select_at,
    select_if, semi_join, slice, slice_head, slice_max, slice_min,
    slice_sample, slice_tail, summarise, summarise_all, summarise_at,
    summarise_if, summarize, summarize_all, summarize_at, summarize_if,
    tally, top_frac, top_n, transmute, transmute_all, transmute_at,
    transmute_if, ungroup

The following objects are masked from ‘package:tidyr’:

    drop_na, fill, gather, pivot_longer, pivot_wider, replace_na,
    separate_wider_delim, separate_wider_position,
    separate_wider_regex, spread, uncount

The following object is masked from ‘package:stats’:

    filter


Attaching package: ‘data.table’

The following objects are masked from ‘package:lubridate’:

    hour, isoweek, isoyear, mday, minute, month, quarter, second, wday,
    week, yday, year

The following objects are masked from ‘package:dplyr’:

    between, first, last

The following object is masked from ‘package:purrr’:

    transpose

The following object is masked from ‘package:base’:

    %notin%


Attaching package: ‘pointblank’

The following object is masked from ‘package:data.table’:

    between

auto_fix_tab_shifts summary: 0 fixed, 0 dropped
auto_fix_tab_shifts validation: row count OK (1518161 - 0 dropped = 1518161)
auto_fix_tab_shifts validation: 5000 sampled untouched rows verified unchanged
mutate: no changes
select: no changes
mutate: no changes
Warning messages:
1: Exceedance of failed test units where values in `strBIADecision` should have been in the set of `ABC`, `ACR`, `ADM` (and 52 more).
The `col_vals_in_set()` validation failed beyond the proportional threshold level (1e-04).
* failure level (0.00022) >= failure threshold (1e-04) 
2: Exceedance of failed test units where values in `strNat` should have been in the set of `<A>`, `??`, `AB` (and 254 more).
The `col_vals_in_set()` validation failed beyond the proportional threshold level (1e-04).
* failure level (0.00044) >= failure threshold (1e-04) 
3: Exceedance of failed test units where values in `strLang` should have been in the set of `BYE`, `DIO`, `DIU` (and 740 more).
The `col_vals_in_set()` validation failed beyond the proportional threshold level (1e-04).
* failure level (0.00027) >= failure threshold (1e-04) 
rename: renamed 8 variables (appeal_type, appeal_filed_date, appeal_filed_by_code, e27_date, bia_decision_date, …)
+ Rscript scripts/eoir_associated_bond.R
── Attaching core tidyverse packages ──────────────────────── tidyverse 2.0.0 ──
✔ dplyr     1.2.1     ✔ readr     2.2.0
✔ forcats   1.0.1     ✔ stringr   1.6.0
✔ ggplot2   4.0.3     ✔ tibble    3.3.1
✔ lubridate 1.9.5     ✔ tidyr     1.3.2
✔ purrr     1.2.2     
── Conflicts ────────────────────────────────────────── tidyverse_conflicts() ──
✖ dplyr::filter() masks stats::filter()
✖ dplyr::lag()    masks stats::lag()
ℹ Use the conflicted package (<http://conflicted.r-lib.org/>) to force all conflicts to become errors

Attaching package: ‘tidylog’

The following objects are masked from ‘package:dplyr’:

    add_count, add_tally, anti_join, count, distinct, distinct_all,
    distinct_at, distinct_if, filter, filter_all, filter_at, filter_if,
    full_join, group_by, group_by_all, group_by_at, group_by_if,
    inner_join, left_join, mutate, mutate_all, mutate_at, mutate_if,
    relocate, rename, rename_all, rename_at, rename_if, rename_with,
    right_join, sample_frac, sample_n, select, select_all, select_at,
    select_if, semi_join, slice, slice_head, slice_max, slice_min,
    slice_sample, slice_tail, summarise, summarise_all, summarise_at,
    summarise_if, summarize, summarize_all, summarize_at, summarize_if,
    tally, top_frac, top_n, transmute, transmute_all, transmute_at,
    transmute_if, ungroup

The following objects are masked from ‘package:tidyr’:

    drop_na, fill, gather, pivot_longer, pivot_wider, replace_na,
    separate_wider_delim, separate_wider_position,
    separate_wider_regex, spread, uncount

The following object is masked from ‘package:stats’:

    filter


Attaching package: ‘data.table’

The following objects are masked from ‘package:lubridate’:

    hour, isoweek, isoyear, mday, minute, month, quarter, second, wday,
    week, yday, year

The following objects are masked from ‘package:dplyr’:

    between, first, last

The following object is masked from ‘package:purrr’:

    transpose

The following object is masked from ‘package:base’:

    %notin%


Attaching package: ‘pointblank’

The following object is masked from ‘package:data.table’:

    between

auto_fix_tab_shifts: 7 overflow-shifted rows detected
auto_fix_tab_shifts summary: 7 fixed, 0 dropped
auto_fix_tab_shifts validation: 7 fixes verified, 0 unfixable dropped
auto_fix_tab_shifts validation: row count OK (1616927 - 0 dropped = 1616927)
auto_fix_tab_shifts validation: 5000 sampled untouched rows verified unchanged
mutate: changed one value (<1%) of 'IJ_CODE' (0 new NAs)
        changed 11 values (<1%) of 'INS_TA' (0 new NAs)
        changed 3 values (<1%) of 'APPEAL_REVD' (0 new NAs)
select: dropped 2 variables (V1, V2)
mutate: changed 9 values (<1%) of 'INS_TA' (9 new NAs)
        changed 3 values (<1%) of 'APPEAL_REVD' (3 new NAs)
Warning message:
Exceedance of failed test units where values in `IJ_CODE` should have been in the set of `AA`, `AAA`, `AAB` (and 1674 more).
The `col_vals_in_set()` validation failed beyond the proportional threshold level (0.001).
* failure level (0.00217) >= failure threshold (0.001) 
rename: renamed 5 variables (bond_decision, bond_completion_date, initial_bond_amount, bond_hearing_request_date, new_bond_amount)
Warning message:
The `col_vals_expr()` validation failed beyond the proportional threshold level (0.001).
* failure level (0.00106) >= failure threshold (0.001) 
mutate: changed 1,345,791 values (>99%) of 'bond_decision' (0 new NAs)
+ Rscript scripts/eoir_case.R
── Attaching core tidyverse packages ──────────────────────── tidyverse 2.0.0 ──
✔ dplyr     1.2.1     ✔ readr     2.2.0
✔ forcats   1.0.1     ✔ stringr   1.6.0
✔ ggplot2   4.0.3     ✔ tibble    3.3.1
✔ lubridate 1.9.5     ✔ tidyr     1.3.2
✔ purrr     1.2.2     
── Conflicts ────────────────────────────────────────── tidyverse_conflicts() ──
✖ dplyr::filter() masks stats::filter()
✖ dplyr::lag()    masks stats::lag()
ℹ Use the conflicted package (<http://conflicted.r-lib.org/>) to force all conflicts to become errors

Attaching package: ‘tidylog’

The following objects are masked from ‘package:dplyr’:

    add_count, add_tally, anti_join, count, distinct, distinct_all,
    distinct_at, distinct_if, filter, filter_all, filter_at, filter_if,
    full_join, group_by, group_by_all, group_by_at, group_by_if,
    inner_join, left_join, mutate, mutate_all, mutate_at, mutate_if,
    relocate, rename, rename_all, rename_at, rename_if, rename_with,
    right_join, sample_frac, sample_n, select, select_all, select_at,
    select_if, semi_join, slice, slice_head, slice_max, slice_min,
    slice_sample, slice_tail, summarise, summarise_all, summarise_at,
    summarise_if, summarize, summarize_all, summarize_at, summarize_if,
    tally, top_frac, top_n, transmute, transmute_all, transmute_at,
    transmute_if, ungroup

The following objects are masked from ‘package:tidyr’:

    drop_na, fill, gather, pivot_longer, pivot_wider, replace_na,
    separate_wider_delim, separate_wider_position,
    separate_wider_regex, spread, uncount

The following object is masked from ‘package:stats’:

    filter


Attaching package: ‘data.table’

The following objects are masked from ‘package:lubridate’:

    hour, isoweek, isoyear, mday, minute, month, quarter, second, wday,
    week, yday, year

The following objects are masked from ‘package:dplyr’:

    between, first, last

The following object is masked from ‘package:purrr’:

    transpose

The following object is masked from ‘package:base’:

    %notin%


Attaching package: ‘pointblank’

The following object is masked from ‘package:data.table’:

    between

auto_fix_tab_shifts: 100 overflow-shifted rows detected
auto_fix_tab_shifts summary: 100 fixed, 0 dropped
auto_fix_tab_shifts: dropping 2 rows with unresolvable multi-point tab shifts: rows 11227351, 12122451
  Details: ADDRESS_CHANGEDON='10/1993' (expected date); UP_BOND_DATE='ORL' (expected date); ADDRESS_CHANGEDON='E' (expected date); DETENTION_DATE='F' (expected date)
auto_fix_tab_shifts validation: 98 fixes verified, 2 unfixable dropped
auto_fix_tab_shifts validation: row count OK (12662705 - 2 dropped = 12662703)
auto_fix_tab_shifts validation: 5000 sampled untouched rows verified unchanged
mutate: changed 6,340 values (<1%) of 'ALIEN_CITY' (0 new NAs)
        changed 48 values (<1%) of 'UPDATED_CITY' (0 new NAs)
        changed 21 values (<1%) of 'DETENTION_LOCATION' (0 new NAs)
        changed 13 values (<1%) of 'DCO_LOCATION' (0 new NAs)
select: dropped 8 variables (V1, V2, V3, V4, V5, …)
mutate: no changes
mutate: changed 37,950 values (<1%) of 'ALIEN_ZIPCODE' (36,126 new NAs)
Warning message:
Exceedance of failed test units where values in `NAT` should have been in the set of `<A>`, `??`, `AB` (and 254 more).
The `col_vals_in_set()` validation failed beyond the proportional threshold level (1e-04).
* failure level (0.00021) >= failure threshold (1e-04) 
rename: renamed 5 variables (custody_code, e28_date, asylum_claim_type, sex_code, case_priority_code)
select: dropped 28 variables (alien_city, alien_state, updated_zipcode, updated_city, site_type, …)
mutate: new variable 'birth_year' (integer) with 165 unique values and 46% NA
        new variable 'represented' (logical) with 2 unique values and 0% NA
select: dropped one variable (c_birthdate)
+ Rscript scripts/eoir_court_applications.R
── Attaching core tidyverse packages ──────────────────────── tidyverse 2.0.0 ──
✔ dplyr     1.2.1     ✔ readr     2.2.0
✔ forcats   1.0.1     ✔ stringr   1.6.0
✔ ggplot2   4.0.3     ✔ tibble    3.3.1
✔ lubridate 1.9.5     ✔ tidyr     1.3.2
✔ purrr     1.2.2     
── Conflicts ────────────────────────────────────────── tidyverse_conflicts() ──
✖ dplyr::filter() masks stats::filter()
✖ dplyr::lag()    masks stats::lag()
ℹ Use the conflicted package (<http://conflicted.r-lib.org/>) to force all conflicts to become errors

Attaching package: ‘tidylog’

The following objects are masked from ‘package:dplyr’:

    add_count, add_tally, anti_join, count, distinct, distinct_all,
    distinct_at, distinct_if, filter, filter_all, filter_at, filter_if,
    full_join, group_by, group_by_all, group_by_at, group_by_if,
    inner_join, left_join, mutate, mutate_all, mutate_at, mutate_if,
    relocate, rename, rename_all, rename_at, rename_if, rename_with,
    right_join, sample_frac, sample_n, select, select_all, select_at,
    select_if, semi_join, slice, slice_head, slice_max, slice_min,
    slice_sample, slice_tail, summarise, summarise_all, summarise_at,
    summarise_if, summarize, summarize_all, summarize_at, summarize_if,
    tally, top_frac, top_n, transmute, transmute_all, transmute_at,
    transmute_if, ungroup

The following objects are masked from ‘package:tidyr’:

    drop_na, fill, gather, pivot_longer, pivot_wider, replace_na,
    separate_wider_delim, separate_wider_position,
    separate_wider_regex, spread, uncount

The following object is masked from ‘package:stats’:

    filter


Attaching package: ‘data.table’

The following objects are masked from ‘package:lubridate’:

    hour, isoweek, isoyear, mday, minute, month, quarter, second, wday,
    week, yday, year

The following objects are masked from ‘package:dplyr’:

    between, first, last

The following object is masked from ‘package:purrr’:

    transpose

The following object is masked from ‘package:base’:

    %notin%


Attaching package: ‘pointblank’

The following object is masked from ‘package:data.table’:

    between

auto_fix_tab_shifts: 15 overflow-shifted rows detected
auto_fix_tab_shifts summary: 15 fixed, 0 dropped
auto_fix_tab_shifts validation: 15 fixes verified, 0 unfixable dropped
auto_fix_tab_shifts validation: row count OK (16104791 - 0 dropped = 16104791)
auto_fix_tab_shifts validation: 5000 sampled untouched rows verified unchanged
mutate: changed 7 values (<1%) of 'APPL_CODE' (0 new NAs)
        changed 4 values (<1%) of 'APPL_DEC' (0 new NAs)
select: dropped one variable (V1)
mutate: changed 6 values (<1%) of 'APPL_CODE' (6 new NAs)
        changed 4 values (<1%) of 'APPL_DEC' (4 new NAs)
Warning messages:
1: Exceedance of failed test units where values in `APPL_CODE` should have been in the set of `202`, `209c`, `2129` (and 38 more).
The `col_vals_in_set()` validation failed beyond the proportional threshold level (1e-04).
* failure level (0.0045) >= failure threshold (1e-04) 
2: Exceedance of failed test units where values in `APPL_DEC` should have been in the set of `A`, `C`, `D` (and 12 more).
The `col_vals_in_set()` validation failed beyond the proportional threshold level (1e-04).
* failure level (0.001) >= failure threshold (1e-04) 
filter: no rows removed
+ Rscript scripts/eoir_custody_history.R
── Attaching core tidyverse packages ──────────────────────── tidyverse 2.0.0 ──
✔ dplyr     1.2.1     ✔ readr     2.2.0
✔ forcats   1.0.1     ✔ stringr   1.6.0
✔ ggplot2   4.0.3     ✔ tibble    3.3.1
✔ lubridate 1.9.5     ✔ tidyr     1.3.2
✔ purrr     1.2.2     
── Conflicts ────────────────────────────────────────── tidyverse_conflicts() ──
✖ dplyr::filter() masks stats::filter()
✖ dplyr::lag()    masks stats::lag()
ℹ Use the conflicted package (<http://conflicted.r-lib.org/>) to force all conflicts to become errors

Attaching package: ‘tidylog’

The following objects are masked from ‘package:dplyr’:

    add_count, add_tally, anti_join, count, distinct, distinct_all,
    distinct_at, distinct_if, filter, filter_all, filter_at, filter_if,
    full_join, group_by, group_by_all, group_by_at, group_by_if,
    inner_join, left_join, mutate, mutate_all, mutate_at, mutate_if,
    relocate, rename, rename_all, rename_at, rename_if, rename_with,
    right_join, sample_frac, sample_n, select, select_all, select_at,
    select_if, semi_join, slice, slice_head, slice_max, slice_min,
    slice_sample, slice_tail, summarise, summarise_all, summarise_at,
    summarise_if, summarize, summarize_all, summarize_at, summarize_if,
    tally, top_frac, top_n, transmute, transmute_all, transmute_at,
    transmute_if, ungroup

The following objects are masked from ‘package:tidyr’:

    drop_na, fill, gather, pivot_longer, pivot_wider, replace_na,
    separate_wider_delim, separate_wider_position,
    separate_wider_regex, spread, uncount

The following object is masked from ‘package:stats’:

    filter


Attaching package: ‘data.table’

The following objects are masked from ‘package:lubridate’:

    hour, isoweek, isoyear, mday, minute, month, quarter, second, wday,
    week, yday, year

The following objects are masked from ‘package:dplyr’:

    between, first, last

The following object is masked from ‘package:purrr’:

    transpose

The following object is masked from ‘package:base’:

    %notin%


Attaching package: ‘pointblank’

The following object is masked from ‘package:data.table’:

    between

auto_fix_tab_shifts summary: 0 fixed, 0 dropped
auto_fix_tab_shifts validation: row count OK (10024044 - 0 dropped = 10024044)
auto_fix_tab_shifts validation: 5000 sampled untouched rows verified unchanged
mutate: no changes
select: no changes
mutate: no changes
rename: renamed 2 variables (date_detained, date_released)
+ Rscript scripts/eoir_lookups.R
── Attaching core tidyverse packages ──────────────────────── tidyverse 2.0.0 ──
✔ dplyr     1.2.1     ✔ readr     2.2.0
✔ forcats   1.0.1     ✔ stringr   1.6.0
✔ ggplot2   4.0.3     ✔ tibble    3.3.1
✔ lubridate 1.9.5     ✔ tidyr     1.3.2
✔ purrr     1.2.2     
── Conflicts ────────────────────────────────────────── tidyverse_conflicts() ──
✖ dplyr::filter() masks stats::filter()
✖ dplyr::lag()    masks stats::lag()
ℹ Use the conflicted package (<http://conflicted.r-lib.org/>) to force all conflicts to become errors

Attaching package: ‘tidylog’

The following objects are masked from ‘package:dplyr’:

    add_count, add_tally, anti_join, count, distinct, distinct_all,
    distinct_at, distinct_if, filter, filter_all, filter_at, filter_if,
    full_join, group_by, group_by_all, group_by_at, group_by_if,
    inner_join, left_join, mutate, mutate_all, mutate_at, mutate_if,
    relocate, rename, rename_all, rename_at, rename_if, rename_with,
    right_join, sample_frac, sample_n, select, select_all, select_at,
    select_if, semi_join, slice, slice_head, slice_max, slice_min,
    slice_sample, slice_tail, summarise, summarise_all, summarise_at,
    summarise_if, summarize, summarize_all, summarize_at, summarize_if,
    tally, top_frac, top_n, transmute, transmute_all, transmute_at,
    transmute_if, ungroup

The following objects are masked from ‘package:tidyr’:

    drop_na, fill, gather, pivot_longer, pivot_wider, replace_na,
    separate_wider_delim, separate_wider_position,
    separate_wider_regex, spread, uncount

The following object is masked from ‘package:stats’:

    filter


Attaching package: ‘data.table’

The following objects are masked from ‘package:lubridate’:

    hour, isoweek, isoyear, mday, minute, month, quarter, second, wday,
    week, yday, year

The following objects are masked from ‘package:dplyr’:

    between, first, last

The following object is masked from ‘package:purrr’:

    transpose

The following object is masked from ‘package:base’:

    %notin%


Attaching package: ‘pointblank’

The following object is masked from ‘package:data.table’:

    between

filter: removed 122 rows (56%), 95 rows remaining
transmute: dropped 9 variables (idn_court_decision, str_case_type, str_dec_code, str_dec_description, str_dec_type, …)
transmute: dropped 9 variables (idn_court_decision, str_case_type, str_dec_code, str_dec_description, str_dec_type, …)
           new variable 'case_type_code' (character) with 13 unique values and 0% NA
           new variable 'dec_code' (character) with 21 unique values and 0% NA
           new variable 'case_outcome' (character) with 38 unique values and 0% NA
filter: removed 95 rows (44%), 122 rows remaining
transmute: dropped 9 variables (idn_court_decision, str_case_type, str_dec_code, str_dec_description, str_dec_type, …)
transmute: dropped 9 variables (idn_court_decision, str_case_type, str_dec_code, str_dec_description, str_dec_type, …)
           new variable 'case_type_code' (character) with 13 unique values and 0% NA
           new variable 'other_comp' (character) with 12 unique values and 0% NA
           new variable 'other_completion' (character) with 12 unique values and 0% NA
+ Rscript scripts/eoir_proceeding.R
── Attaching core tidyverse packages ──────────────────────── tidyverse 2.0.0 ──
✔ dplyr     1.2.1     ✔ readr     2.2.0
✔ forcats   1.0.1     ✔ stringr   1.6.0
✔ ggplot2   4.0.3     ✔ tibble    3.3.1
✔ lubridate 1.9.5     ✔ tidyr     1.3.2
✔ purrr     1.2.2     
── Conflicts ────────────────────────────────────────── tidyverse_conflicts() ──
✖ dplyr::filter() masks stats::filter()
✖ dplyr::lag()    masks stats::lag()
ℹ Use the conflicted package (<http://conflicted.r-lib.org/>) to force all conflicts to become errors

Attaching package: ‘tidylog’

The following objects are masked from ‘package:dplyr’:

    add_count, add_tally, anti_join, count, distinct, distinct_all,
    distinct_at, distinct_if, filter, filter_all, filter_at, filter_if,
    full_join, group_by, group_by_all, group_by_at, group_by_if,
    inner_join, left_join, mutate, mutate_all, mutate_at, mutate_if,
    relocate, rename, rename_all, rename_at, rename_if, rename_with,
    right_join, sample_frac, sample_n, select, select_all, select_at,
    select_if, semi_join, slice, slice_head, slice_max, slice_min,
    slice_sample, slice_tail, summarise, summarise_all, summarise_at,
    summarise_if, summarize, summarize_all, summarize_at, summarize_if,
    tally, top_frac, top_n, transmute, transmute_all, transmute_at,
    transmute_if, ungroup

The following objects are masked from ‘package:tidyr’:

    drop_na, fill, gather, pivot_longer, pivot_wider, replace_na,
    separate_wider_delim, separate_wider_position,
    separate_wider_regex, spread, uncount

The following object is masked from ‘package:stats’:

    filter


Attaching package: ‘data.table’

The following objects are masked from ‘package:lubridate’:

    hour, isoweek, isoyear, mday, minute, month, quarter, second, wday,
    week, yday, year

The following objects are masked from ‘package:dplyr’:

    between, first, last

The following object is masked from ‘package:purrr’:

    transpose

The following object is masked from ‘package:base’:

    %notin%


Attaching package: ‘pointblank’

The following object is masked from ‘package:data.table’:

    between

collapse 2.1.7, see ?`collapse-package` or ?`collapse-documentation`

Attaching package: ‘collapse’

The following object is masked from ‘package:data.table’:

    fdroplevels

The following object is masked from ‘package:tidylog’:

    replace_na

The following object is masked from ‘package:tidyr’:

    replace_na

The following object is masked from ‘package:stats’:

    D

auto_fix_tab_shifts: 71 overflow-shifted rows detected
auto_fix_tab_shifts summary: 71 fixed, 0 dropped
auto_fix_tab_shifts validation: 71 fixes verified, 0 unfixable dropped
auto_fix_tab_shifts validation: row count OK (16549926 - 0 dropped = 16549926)
auto_fix_tab_shifts validation: 5000 sampled untouched rows verified unchanged
mutate: changed one value (<1%) of 'IJ_CODE' (0 new NAs)
        changed one value (<1%) of 'PREV_HEARING_LOC' (0 new NAs)
        changed 3 values (<1%) of 'DEC_TYPE' (0 new NAs)
        changed one value (<1%) of 'DEPORTED_1' (0 new NAs)
        changed 17 values (<1%) of 'DEPORTED_2' (0 new NAs)
        changed 6 values (<1%) of 'APPEAL_RSVD' (0 new NAs)
        changed 8 values (<1%) of 'TRANSFER_TO' (0 new NAs)
        changed 53 values (<1%) of 'CUSTODY' (0 new NAs)
select: dropped 2 variables (V1, V2)
mutate: changed one value (<1%) of 'PREV_HEARING_LOC' (one new NA)
        changed 3 values (<1%) of 'DEC_TYPE' (3 new NAs)
        changed one value (<1%) of 'DEPORTED_1' (one new NA)
        changed 16 values (<1%) of 'DEPORTED_2' (16 new NAs)
        changed 6 values (<1%) of 'APPEAL_RSVD' (6 new NAs)
        changed 8 values (<1%) of 'TRANSFER_TO' (8 new NAs)
        changed 53 values (<1%) of 'CUSTODY' (53 new NAs)
Warning messages:
1: Exceedance of failed test units where values in `NAT` should have been in the set of `<A>`, `??`, `AB` (and 254 more).
The `col_vals_in_set()` validation failed beyond the proportional threshold level (1e-04).
* failure level (0.00025) >= failure threshold (1e-04) 
2: Exceedance of failed test units where values in `TRANSFER_TO` should have been in the set of `AGA`, `ATL`, `BAL` (and 95 more).
The `col_vals_in_set()` validation failed beyond the proportional threshold level (1e-04).
* failure level (0.01892) >= failure threshold (1e-04) 
3: Exceedance of failed test units where values in `IJ_CODE` should have been in the set of `AA`, `AAA`, `AAB` (and 1674 more).
The `col_vals_in_set()` validation failed beyond the proportional threshold level (1e-04).
* failure level (0.00187) >= failure threshold (1e-04) 
4: Exceedance of failed test units where values in `PREV_IJ_CODE` should have been in the set of `AA`, `AAA`, `AAB` (and 1674 more).
The `col_vals_in_set()` validation failed beyond the proportional threshold level (1e-04).
* failure level (0.00015) >= failure threshold (1e-04) 
Warning message:
In eval(jsub, SDenv, parent.frame()) : NAs introduced by coercion
rename: renamed 4 variables (nta_date, judge_code, in_absentia, case_type_code)
mutate: converted 'in_absentia' from character to logical (3733880 fewer NA)
filter: removed 2 rows (<1%), 16,549,924 rows remaining
filter: removed 258 rows (<1%), 16,549,666 rows remaining
            used   (Mb) gc trigger    (Mb) limit (Mb)   max used    (Mb)
Ncells   1711204   91.4   37148689  1984.0         NA   46435861  2480.0
Vcells 541314275 4130.0 2442620854 18635.8     131072 3816595083 29118.4
Warning message:
Exceedance of failed test units where values in `final_completion_date` should not have been NULL.
The `col_vals_not_null()` validation failed beyond the proportional threshold level (0.25).
* failure level (0.25879) >= failure threshold (0.25) 
+ Rscript scripts/eoir_proceedings_charges.R
── Attaching core tidyverse packages ──────────────────────── tidyverse 2.0.0 ──
✔ dplyr     1.2.1     ✔ readr     2.2.0
✔ forcats   1.0.1     ✔ stringr   1.6.0
✔ ggplot2   4.0.3     ✔ tibble    3.3.1
✔ lubridate 1.9.5     ✔ tidyr     1.3.2
✔ purrr     1.2.2     
── Conflicts ────────────────────────────────────────── tidyverse_conflicts() ──
✖ dplyr::filter() masks stats::filter()
✖ dplyr::lag()    masks stats::lag()
ℹ Use the conflicted package (<http://conflicted.r-lib.org/>) to force all conflicts to become errors

Attaching package: ‘tidylog’

The following objects are masked from ‘package:dplyr’:

    add_count, add_tally, anti_join, count, distinct, distinct_all,
    distinct_at, distinct_if, filter, filter_all, filter_at, filter_if,
    full_join, group_by, group_by_all, group_by_at, group_by_if,
    inner_join, left_join, mutate, mutate_all, mutate_at, mutate_if,
    relocate, rename, rename_all, rename_at, rename_if, rename_with,
    right_join, sample_frac, sample_n, select, select_all, select_at,
    select_if, semi_join, slice, slice_head, slice_max, slice_min,
    slice_sample, slice_tail, summarise, summarise_all, summarise_at,
    summarise_if, summarize, summarize_all, summarize_at, summarize_if,
    tally, top_frac, top_n, transmute, transmute_all, transmute_at,
    transmute_if, ungroup

The following objects are masked from ‘package:tidyr’:

    drop_na, fill, gather, pivot_longer, pivot_wider, replace_na,
    separate_wider_delim, separate_wider_position,
    separate_wider_regex, spread, uncount

The following object is masked from ‘package:stats’:

    filter


Attaching package: ‘data.table’

The following objects are masked from ‘package:lubridate’:

    hour, isoweek, isoyear, mday, minute, month, quarter, second, wday,
    week, yday, year

The following objects are masked from ‘package:dplyr’:

    between, first, last

The following object is masked from ‘package:purrr’:

    transpose

The following object is masked from ‘package:base’:

    %notin%


Attaching package: ‘pointblank’

The following object is masked from ‘package:data.table’:

    between

auto_fix_tab_shifts summary: 0 fixed, 0 dropped
auto_fix_tab_shifts validation: row count OK (18867750 - 0 dropped = 18867750)
auto_fix_tab_shifts validation: 5000 sampled untouched rows verified unchanged
mutate: changed 4,747,115 values (25%) of 'CHARGE' (0 new NAs)
        changed 36 values (<1%) of 'CHG_STATUS' (0 new NAs)
select: dropped one variable (V1)
mutate: changed one value (<1%) of 'CHARGE' (one new NA)
        changed 36 values (<1%) of 'CHG_STATUS' (36 new NAs)
mutate: new variable 'charge_str' (character) with 324 unique values and <1% NA
        new variable 'section' (character) with 20 unique values and <1% NA
        new variable 'remainder' (character) with 238 unique values and <1% NA
mutate: changed 222 values (<1%) of 'charge_str' (0 new NAs)
distinct: removed 81,214 rows (<1%), 18,786,536 rows remaining
+ Rscript scripts/eoir_case_joins.R
── Attaching core tidyverse packages ──────────────────────── tidyverse 2.0.0 ──
✔ dplyr     1.2.1     ✔ readr     2.2.0
✔ forcats   1.0.1     ✔ stringr   1.6.0
✔ ggplot2   4.0.3     ✔ tibble    3.3.1
✔ lubridate 1.9.5     ✔ tidyr     1.3.2
✔ purrr     1.2.2     
── Conflicts ────────────────────────────────────────── tidyverse_conflicts() ──
✖ dplyr::filter() masks stats::filter()
✖ dplyr::lag()    masks stats::lag()
ℹ Use the conflicted package (<http://conflicted.r-lib.org/>) to force all conflicts to become errors

Attaching package: ‘tidylog’

The following objects are masked from ‘package:dplyr’:

    add_count, add_tally, anti_join, count, distinct, distinct_all,
    distinct_at, distinct_if, filter, filter_all, filter_at, filter_if,
    full_join, group_by, group_by_all, group_by_at, group_by_if,
    inner_join, left_join, mutate, mutate_all, mutate_at, mutate_if,
    relocate, rename, rename_all, rename_at, rename_if, rename_with,
    right_join, sample_frac, sample_n, select, select_all, select_at,
    select_if, semi_join, slice, slice_head, slice_max, slice_min,
    slice_sample, slice_tail, summarise, summarise_all, summarise_at,
    summarise_if, summarize, summarize_all, summarize_at, summarize_if,
    tally, top_frac, top_n, transmute, transmute_all, transmute_at,
    transmute_if, ungroup

The following objects are masked from ‘package:tidyr’:

    drop_na, fill, gather, pivot_longer, pivot_wider, replace_na,
    separate_wider_delim, separate_wider_position,
    separate_wider_regex, spread, uncount

The following object is masked from ‘package:stats’:

    filter


Attaching package: ‘data.table’

The following object is masked from ‘package:pointblank’:

    between

The following objects are masked from ‘package:lubridate’:

    hour, isoweek, isoyear, mday, minute, month, quarter, second, wday,
    week, yday, year

The following objects are masked from ‘package:dplyr’:

    between, first, last

The following object is masked from ‘package:purrr’:

    transpose

The following object is masked from ‘package:base’:

    %notin%

left_join: added 8 columns (detention_start_1, detention_start_2, detention_start_3, detention_start_4, detention_end_1, …)
           > rows only in cases                    3,448,783
           > rows only in custodyhistory_by_case (   372,449)
           > matched rows                          9,079,274
           >                                     ============
           > rows total                           12,528,057
            used   (Mb) gc trigger   (Mb) limit (Mb)  max used   (Mb)
Ncells   1729653   92.4    3184730  170.1         NA   2369895  126.6
Vcells 278738173 2126.7  836081042 6378.8     131072 835941907 6377.8
select: no changes
inner_join: added 11 columns (alien_zipcode, nat, lang, custody_code, e28_date, …)
            > rows only in cases    (        26)
            > rows only in case_tbl (   134,672)
            > matched rows           12,528,031
            >                       ============
            > rows total             12,528,031
inner_join with case table: 12528057 -> 12528031 rows (26 dropped)
            used   (Mb) gc trigger   (Mb) limit (Mb)   max used   (Mb)
Ncells   1767592   94.4    3184730  170.1         NA    2369895  126.6
Vcells 404070609 3082.9 1207295900 9211.0     131072 1020731404 7787.6
left_join: added 6 columns (state, state_fips_code, county, county_fips_code, place, …)
           > rows only in cases          880,600
           > rows only in zip_lookup (    13,458)
           > matched rows             11,647,431
           >                         ============
           > rows total               12,528,031
select: dropped one variable (alien_zipcode)
left_join: added 8 columns (bia_decision, bia_decision_type_code, appeal_type, appeal_filed_by_code, custody_at_appeal_code, …)
           > rows only in cases            11,474,098
           > rows only in appeals_by_case (   130,178)
           > matched rows                   1,053,933
           >                              ============
           > rows total                    12,528,031
            used   (Mb) gc trigger    (Mb) limit (Mb)   max used    (Mb)
Ncells   1875525  100.2    3184730   170.1         NA    2369895   126.6
Vcells 567184843 4327.3 1748127143 13337.2     131072 1682804091 12838.8
final_completion_date overridden by bia_decision_date for 638534 cases
mutate: converted 'final_completion_date' from Date to double (0 new NA)
        new variable 'ij_final_date' (Date) with 12,884 unique values and 26% NA
left_join: added 7 columns (asylum_application, withholding_application, cat_application, adjustment_application, non_lpr_cancellation_application, …)
           > rows only in cases                       6,222,971
           > rows only in court_applications_by_c.. (        77)
           > matched rows                             6,305,060
           >                                        ============
           > rows total                              12,528,031
            used   (Mb) gc trigger    (Mb) limit (Mb)   max used    (Mb)
Ncells   1877627  100.3    3184730   170.1         NA    2369895   126.6
Vcells 623565569 4757.5 1689051106 12886.5     131072 2068543245 15781.8
left_join: added 8 columns (bond_completion_date, bond_court_code, bond_judge_code, hearing_location_code, bond_hearing_request_date, …)
           > rows only in cases                    11,176,555
           > rows only in associated_bond_by_case (       149)
           > matched rows                           1,351,476
           >                                      ============
           > rows total                            12,528,031
mutate: changed 47,270 values (<1%) of 'new_bond_amount' (47,270 new NAs)
            used   (Mb) gc trigger    (Mb) limit (Mb)   max used    (Mb)
Ncells   1877703  100.3    3184730   170.1         NA    2369895   126.6
Vcells 723789953 5522.1 2033257152 15512.6     131072 2068543245 15781.8
left_join: added 4 columns (charge_section_1, charge_section_2, charge_section_3, charge_section_4)
           > rows only in cases               409,100
           > rows only in charges_by_case (       183)
           > matched rows                  12,118,931
           >                              ============
           > rows total                    12,528,031
            used   (Mb) gc trigger    (Mb) limit (Mb)   max used    (Mb)
Ncells   1919809  102.6    3184730   170.1         NA    2369895   126.6
Vcells 773976448 5905.0 2452366248 18710.1     131072 2448622610 18681.6
left_join: added one column (case_outcome)
           > rows only in cases             4,081,766
           > rows only in dec_code_lookup (        23)
           > matched rows                   8,446,265
           >                              ============
           > rows total                    12,528,031
left_join: added one column (other_completion)
           > rows only in left_join(cases, dec_co..  11,688,571
           > rows only in other_comp_code_lookup    (        47)
           > matched rows                               839,460
           >                                        ============
           > rows total                              12,528,031
mutate: changed 6,222,978 values (50%) of 'asylum_application' (6,222,978 fewer NAs)
        changed 6,222,978 values (50%) of 'withholding_application' (6,222,978 fewer NAs)
        changed 6,222,984 values (50%) of 'cat_application' (6,222,984 fewer NAs)
        changed 6,222,987 values (50%) of 'adjustment_application' (6,222,987 fewer NAs)
        changed 6,222,989 values (50%) of 'non_lpr_cancellation_application' (6,222,989 fewer NAs)
        changed 6,222,990 values (50%) of 'lpr_cancellation_application' (6,222,990 fewer NAs)
        changed 6,222,971 values (50%) of 'any_relief_application' (6,222,971 fewer NAs)
        changed 839,454 values (7%) of 'case_outcome' (839,454 fewer NAs)
select: dropped 3 variables (dec_code, other_comp, other_completion)
mutate: changed 4,910,928 values (39%) of 'asylum_claim_type' (one new NA)
        new variable 'custody' (character) with 4 unique values and <1% NA
        new variable 'custody_at_appeal' (character) with 4 unique values and 92% NA
rename: renamed one variable (language_code)
filter: no rows removed
select: renamed one variable (language) and dropped 4 variables
left_join: added one column (language)
           > rows only in rename(cases, language_..      16,257
           > rows only in select(filter(tblLangua.. (       200)
           > matched rows                            12,511,774
           >                                        ============
           > rows total                              12,528,031
filter: no rows removed
select: renamed one variable (case_priority) and dropped 6 variables
left_join: added one column (case_priority)
           > rows only in cases                               1
           > rows only in select(filter(tblLookup.. (         0)
           > matched rows                            12,528,030
           >                                        ============
           > rows total                              12,528,031
rename: renamed one variable (nationality_code)
filter: no rows removed
select: renamed one variable (nationality) and dropped 5 variables
left_join: added one column (nationality)
           > rows only in rename(cases, nationali..      27,162
           > rows only in select(filter(tblLookup.. (         8)
           > matched rows                            12,500,869
           >                                        ============
           > rows total                              12,528,031
filter: no rows removed
select: renamed one variable (deported_1) and dropped 5 variables
left_join: added one column (deported_1)
           > rows only in cases                       7,056,582
           > rows only in select(filter(tblLookup.. (         1)
           > matched rows                             5,471,449
           >                                        ============
           > rows total                              12,528,031
filter: no rows removed
select: renamed one variable (deported_2) and dropped 5 variables
left_join: added one column (deported_2)
           > rows only in left_join(cases, select..  12,396,962
           > rows only in select(filter(tblLookup.. (        25)
           > matched rows                               131,069
           >                                        ============
           > rows total                              12,528,031
rename: renamed one variable (appeal_type_code)
filter: no rows removed
select: renamed one variable (appeal_type) and dropped 5 variables
left_join: added one column (appeal_type)
           > rows only in rename(cases, appeal_ty..  11,474,100
           > rows only in select(filter(tbllookup.. (         5)
           > matched rows                             1,053,931
           >                                        ============
           > rows total                              12,528,031
rename: renamed one variable (bia_decision_code)
filter: no rows removed
select: renamed one variable (bia_decision) and dropped 4 variables
left_join: added one column (bia_decision)
           > rows only in rename(cases, bia_decis..  11,722,005
           > rows only in select(filter(tblLookup.. (         5)
           > matched rows                               806,026
           >                                        ============
           > rows total                              12,528,031
filter: no rows removed
transmute: dropped 97 variables (idn_base_city, base_city_name, base_automated, base_st_address, base_city, …)
transmute: dropped 97 variables (idn_base_city, base_city_name, base_automated, base_st_address, base_city, …)
           new variable 'court_desc' (character) with 97 unique values and 0% NA
rename: renamed one variable (first_court)
left_join: added one column (first_court)
           > rows only in cases                               8
           > rows only in rename(base_city_desc, .. (        11)
           > matched rows                            12,528,023
           >                                        ============
           > rows total                              12,528,031
rename: renamed one variable (final_court)
left_join: added one column (final_court)
           > rows only in left_join(cases, rename..          13
           > rows only in rename(base_city_desc, .. (        11)
           > matched rows                            12,528,018
           >                                        ============
           > rows total                              12,528,031
rename: renamed one variable (bond_court)
left_join: added one column (bond_court)
           > rows only in left_join(left_join(cas..  11,176,569
           > rows only in rename(base_city_desc, .. (        17)
           > matched rows                             1,351,462
           >                                        ============
           > rows total                              12,528,031
filter: no rows removed
select: renamed 2 variables (first_judge_code, first_judge_name) and dropped 16 variables
left_join: added one column (first_judge_name)
           > rows only in cases                          46,748
           > rows only in select(filter(tblLookup.. (       183)
           > matched rows                            12,481,283
           >                                        ============
           > rows total                              12,528,031
filter: no rows removed
select: renamed 2 variables (last_judge_code, last_judge_name) and dropped 16 variables
left_join: added one column (last_judge_name)
           > rows only in left_join(cases, select..     122,781
           > rows only in select(filter(tblLookup.. (       194)
           > matched rows                            12,405,250
           >                                        ============
           > rows total                              12,528,031
filter: no rows removed
select: renamed one variable (bond_judge_name) and dropped 16 variables
left_join: added one column (bond_judge_name)
           > rows only in left_join(left_join(cas..  11,308,143
           > rows only in select(filter(tblLookup.. (       502)
           > matched rows                             1,219,888
           >                                        ============
           > rows total                              12,528,031
filter: no rows removed
select: renamed one variable (bia_decision_type) and dropped 4 variables
left_join: added one column (bia_decision_type)
           > rows only in cases                      11,740,638
           > rows only in select(filter(tblLookup.. (         0)
           > matched rows                               787,393
           >                                        ============
           > rows total                              12,528,031
filter: no rows removed
select: renamed one variable (appeal_filed_by) and dropped 4 variables
left_join: added one column (appeal_filed_by)
           > rows only in cases                      11,474,102
           > rows only in select(filter(tblLookup.. (         4)
           > matched rows                             1,053,929
           >                                        ============
           > rows total                              12,528,031
filter: no rows removed
select: renamed one variable (case_type) and dropped 5 variables
left_join: added one column (case_type)
           > rows only in cases                              10
           > rows only in select(filter(tblLookup.. (         1)
           > matched rows                            12,528,021
           >                                        ============
           > rows total                              12,528,031
filter: no rows removed
select: renamed one variable (sex) and dropped 4 variables
left_join: added one column (sex)
           > rows only in cases                       5,619,401
           > rows only in select(filter(tblLookup.. (         0)
           > matched rows                             6,908,630
           >                                        ============
           > rows total                              12,528,031
mutate: converted 'final_completion_date' from double to Date (0 new NA)
        converted 'detention_start_1' from double to Date (0 new NA)
        converted 'detention_start_2' from double to Date (0 new NA)
        converted 'detention_start_3' from double to Date (0 new NA)
        converted 'detention_start_4' from double to Date (0 new NA)
        converted 'detention_end_1' from double to Date (0 new NA)
        converted 'detention_end_2' from double to Date (0 new NA)
        converted 'detention_end_3' from double to Date (0 new NA)
        converted 'detention_end_4' from double to Date (0 new NA)
        converted 'e28_date' from double to Date (0 new NA)
        converted 'date_of_entry' from double to Date (0 new NA)
        changed 4,910,927 values (39%) of 'asylum_claim_type' (0 new NAs)
        changed 225,202 values (2%) of 'county' (0 new NAs)
        changed 10,064,117 values (80%) of 'place' (0 new NAs)
        converted 'e27_date' from double to Date (0 new NA)
        converted 'bia_decision_date' from double to Date (0 new NA)
        converted 'appeal_filed_date' from double to Date (0 new NA)
        converted 'bond_completion_date' from double to Date (0 new NA)
        converted 'bond_hearing_request_date' from double to Date (0 new NA)
        changed 1,345,748 values (11%) of 'bond_decision' (0 new NAs)
        changed 1,407,229 values (11%) of 'case_outcome' (0 new NAs)
        changed 12,528,003 values (>99%) of 'custody' (0 new NAs)
        changed 965,837 values (8%) of 'custody_at_appeal' (0 new NAs)
        changed 12,510,960 values (>99%) of 'language' (0 new NAs)
        changed 105,507 values (1%) of 'case_priority' (0 new NAs)
        changed 12,500,151 values (>99%) of 'nationality' (0 new NAs)
        changed 5,471,248 values (44%) of 'deported_1' (0 new NAs)
        changed 131,057 values (1%) of 'deported_2' (0 new NAs)
        changed 210,700 values (2%) of 'appeal_type' (0 new NAs)
        changed 108,096 values (1%) of 'bia_decision' (0 new NAs)
        changed 12,115,844 values (97%) of 'first_court' (0 new NAs)
        changed 12,082,136 values (96%) of 'final_court' (0 new NAs)
        changed 369 values (<1%) of 'case_type' (0 new NAs)
relocate: columns reordered (idncase, case_type_code, case_type, case_priority_code, case_priority, …)
filter: removed 1,777,854 rows (14%), 10,750,177 rows remaining
select: dropped 2 variables (case_type_code, case_type)
select: dropped 22 variables (case_priority_code, sex_code, nationality_code, language_code, state_fips_code, …)
